[S_API] SteamAPI_Init(): SteamAPI_IsSteamRunning() did not locate a running instance of Steam.
[S_API] SteamAPI_Init(): Loaded '/home/lewis/of_workspace/.steam/sdk64/steamclient.so' OK.
Setting breakpad minidump AppID = 480
SteamInternal_SetMinidumpSteamID:  Caching Steam ID:  76561198261715869 [API loaded no]
[notice ] Steam: Initialized. LocalID: 76561198261715869
[notice ] NetTrace: Packet sizeofs: PacketHeader=9 DraftActionPacket=43 DraftAckPacket=36 DraftOptionsPacket=42 DraftStatePacket=30 HandshakePacket=13
[notice ] Setup: Visual RNG seeded.
[notice ] Audio: Main menu music loaded: yes
[notice ] Settings: Loaded settings from Config/settings.json
[warning] ofMaterial::setPBR:  PBR material must be used with Programmable Renderer.
[ error ] ofxAssimpTexture::setTextureType: : unknown aiTextureType type 27
[warning] ofMaterial::setPBR:  PBR material must be used with Programmable Renderer.
[ error ] ofxAssimpTexture::setTextureType: : unknown aiTextureType type 27
[warning] ofMaterial::setPBR:  PBR material must be used with Programmable Renderer.
[warning] ofMaterial::setPBR:  PBR material must be used with Programmable Renderer.
[warning] ofMaterial::setPBR:  PBR material must be used with Programmable Renderer.
[warning] ofMaterial::setPBR:  PBR material must be used with Programmable Renderer.
[notice ] Wolf model loaded with 10 meshes
[notice ] Setup: Kobold model loaded.
[ error ] ofxAssimpModelLoader: loadGLResource(): texture doesn't exist: "data/Units/KoboldKing/goblin_king.fbx" in "data/Units/KoboldKing/cadnav.com_model/Models_G0506A078/01391eaa.dds"
[ error ] loadImage: File not found: "data/Units/KoboldKing/cadnav.com_model/Models_G0506A078/01391eaa.dds"
[ error ] ofxAssimpModelLoader: loadGLResource(): couldn't load texture: "data/Units/KoboldKing/goblin_king.fbx" from "data/Units/KoboldKing/cadnav.com_model/Models_G0506A078/01391eaa.dds"
[ error ] ofxAssimpModelLoader: loadGLResource(): texture doesn't exist: "data/Units/KoboldKing/goblin_king.fbx" in "data/Units/KoboldKing/cadnav.com_model/Models_G0506A078/ada8756d.jpg"
[ error ] loadImage: File not found: "data/Units/KoboldKing/cadnav.com_model/Models_G0506A078/ada8756d.jpg"
[ error ] ofxAssimpModelLoader: loadGLResource(): couldn't load texture: "data/Units/KoboldKing/goblin_king.fbx" from "data/Units/KoboldKing/cadnav.com_model/Models_G0506A078/ada8756d.jpg"
[ error ] ofxAssimpModelLoader: loadGLResource(): texture doesn't exist: "data/Units/KoboldKing/goblin_king.fbx" in "data/Units/KoboldKing/cadnav.com_model/Models_G0506A078/496d23a4.jpg"
[ error ] loadImage: File not found: "data/Units/KoboldKing/cadnav.com_model/Models_G0506A078/496d23a4.jpg"
[ error ] ofxAssimpModelLoader: loadGLResource(): couldn't load texture: "data/Units/KoboldKing/goblin_king.fbx" from "data/Units/KoboldKing/cadnav.com_model/Models_G0506A078/496d23a4.jpg"
[ error ] ofxAssimpModelLoader: loadGLResource(): texture doesn't exist: "data/Units/KoboldKing/goblin_king.fbx" in "data/Units/KoboldKing/cadnav.com_model/Models_G0506A078/01391eaa.dds"
[ error ] loadImage: File not found: "data/Units/KoboldKing/cadnav.com_model/Models_G0506A078/01391eaa.dds"
[ error ] ofxAssimpModelLoader: loadGLResource(): couldn't load texture: "data/Units/KoboldKing/goblin_king.fbx" from "data/Units/KoboldKing/cadnav.com_model/Models_G0506A078/01391eaa.dds"
[notice ] Setup: Kobold King texture loaded.
[notice ] Setup: Kobold King model loaded.
[notice ] Setup: Hellhound model loaded.
[warning] ofMaterial::setPBR:  PBR material must be used with Programmable Renderer.
[ error ] ofxAssimpTexture::setTextureType: : unknown aiTextureType type 27
[warning] ofMaterial::setPBR:  PBR material must be used with Programmable Renderer.
[ error ] ofxAssimpTexture::setTextureType: : unknown aiTextureType type 27
[warning] ofMaterial::setPBR:  PBR material must be used with Programmable Renderer.
[ error ] ofxAssimpTexture::setTextureType: : unknown aiTextureType type 27
[warning] ofMaterial::setPBR:  PBR material must be used with Programmable Renderer.
[ error ] ofxAssimpTexture::setTextureType: : unknown aiTextureType type 27
[warning] ofMaterial::setPBR:  PBR material must be used with Programmable Renderer.
[ error ] ofxAssimpTexture::setTextureType: : unknown aiTextureType type 27
[warning] ofMaterial::setPBR:  PBR material must be used with Programmable Renderer.
[ error ] ofxAssimpTexture::setTextureType: : unknown aiTextureType type 27
[warning] ofMaterial::setPBR:  PBR material must be used with Programmable Renderer.
[ error ] ofxAssimpTexture::setTextureType: : unknown aiTextureType type 27
[warning] ofMaterial::setPBR:  PBR material must be used with Programmable Renderer.
[ error ] ofxAssimpTexture::setTextureType: : unknown aiTextureType type 27
[warning] ofMaterial::setPBR:  PBR material must be used with Programmable Renderer.
[ error ] ofxAssimpTexture::setTextureType: : unknown aiTextureType type 27
[warning] ofMaterial::setPBR:  PBR material must be used with Programmable Renderer.
[ error ] ofxAssimpTexture::setTextureType: : unknown aiTextureType type 27
[warning] ofMaterial::setPBR:  PBR material must be used with Programmable Renderer.
[ error ] ofxAssimpTexture::setTextureType: : unknown aiTextureType type 27
[notice ] Setup: Demon model loaded.
[notice ] Setup: Tortoise model loaded.
[warning] ofMaterial::setPBR:  PBR material must be used with Programmable Renderer.
[notice ] Setup: Ghost model loaded.
[warning] ofMaterial::setPBR:  PBR material must be used with Programmable Renderer.
[ error ] ofxAssimpTexture::setTextureType: : unknown aiTextureType type 27
[notice ] Setup: Wall Unit GLB model loaded and texture applied.
[notice ] Setup: Assistant model loaded.
[warning] ofMaterial::setPBR:  PBR material must be used with Programmable Renderer.
[ error ] ofxAssimpTexture::setTextureType: : unknown aiTextureType type 27
[warning] ofMaterial::setPBR:  PBR material must be used with Programmable Renderer.
[ error ] ofxAssimpTexture::setTextureType: : unknown aiTextureType type 27
[notice ] Setup: Faerie texture loaded.
[notice ] Setup: Faerie model loaded.
[notice ] Setup: Loaded key frame: Board/keys_1_1.png
[notice ] Setup: Loaded key frame: Board/keys_1_2.png
[notice ] Setup: Loaded key frame: Board/keys_1_3.png
[notice ] Setup: Loaded key frame: Board/keys_1_4.png
[notice ] Setup: Loaded key frame: Board/keys_1_5.png
[notice ] Setup: Loaded silver key frame: Board/keys_2_1.png
[notice ] Setup: Loaded silver key frame: Board/keys_2_2.png
[notice ] Setup: Loaded silver key frame: Board/keys_2_3.png
[notice ] Setup: Loaded silver key frame: Board/keys_2_4.png
[notice ] Setup: Loaded silver key frame: Board/keys_2_5.png
[notice ] Setup: Loaded bronze key frame: Board/keys_3_1.png
[notice ] Setup: Loaded bronze key frame: Board/keys_3_2.png
[notice ] Setup: Loaded bronze key frame: Board/keys_3_3.png
[notice ] Setup: Loaded bronze key frame: Board/keys_3_4.png
[notice ] Setup: Loaded bronze key frame: Board/keys_3_5.png
[notice ] ofApp::loadCardData: Loaded 70 cards from JSON.
[notice ] ofApp::loadCardData: Class Distribution - C1: 30, C2: 25, C3: 15
[notice ] GL: Vendor: AMD | Renderer: AMD Radeon RX 9070 XT (radeonsi, gfx1201, LLVM 21.1.6, DRM 3.64, 6.17.7-ba25.fc43.x86_64) | Version: 4.6 (Compatibility Profile) Mesa 25.3.4-arch1.1 | GLSL: 4.60
[ error ] ofShader: setupShaderFromSource(): GL_FRAGMENT_SHADER shader failed to compile
[ error ] ofShader: GL_FRAGMENT_SHADER shader reports:
0:13(29): error: `uv' undeclared
0:13(15): error: no matching function for call to `texture(sampler2D, error)'; candidates are:
0:13(15): error:    vec4 texture(sampler1D, float)
0:13(15): error:    ivec4 texture(isampler1D, float)
0:13(15): error:    uvec4 texture(usampler1D, float)
0:13(15): error:    vec4 texture(sampler2D, vec2)
0:13(15): error:    ivec4 texture(isampler2D, vec2)
0:13(15): error:    uvec4 texture(usampler2D, vec2)
0:13(15): error:    vec4 texture(sampler3D, vec3)
0:13(15): error:    ivec4 texture(isampler3D, vec3)
0:13(15): error:    uvec4 texture(usampler3D, vec3)
0:13(15): error:    vec4 texture(samplerCube, vec3)
0:13(15): error:    ivec4 texture(isamplerCube, vec3)
0:13(15): error:    uvec4 texture(usamplerCube, vec3)
0:13(15): error:    float texture(sampler1DShadow, vec3)
0:13(15): error:    float texture(sampler2DShadow, vec3)
0:13(15): error:    float texture(samplerCubeShadow, vec4)
0:13(15): error:    vec4 texture(sampler1DArray, vec2)
0:13(15): error:    ivec4 texture(isampler1DArray, vec2)
0:13(15): error:    uvec4 texture(usampler1DArray, vec2)
0:13(15): error:    vec4 texture(sampler2DArray, vec3)
0:13(15): error:    ivec4 texture(isampler2DArray, vec3)
0:13(15): error:    uvec4 texture(usampler2DArray, vec3)
0:13(15): error:    float texture(sampler1DArrayShadow, vec3)
0:13(15): error:    float texture(sampler2DArrayShadow, vec4)
0:13(15): error:    vec4 texture(sampler2DRect, vec2)
0:13(15): error:    ivec4 texture(isampler2DRect, vec2)
0:13(15): error:    uvec4 texture(usampler2DRect, vec2)
0:13(15): error:    float texture(sampler2DRectShadow, vec3)
0:13(15): error:    vec4 texture(sampler1D, float, float)
0:13(15): error:    ivec4 texture(isampler1D, float, float)
0:13(15): error:    uvec4 texture(usampler1D, float, float)
0:13(15): error:    vec4 texture(sampler2D, vec2, float)
0:13(15): error:    ivec4 texture(isampler2D, vec2, float)
0:13(15): error:    uvec4 texture(usampler2D, vec2, float)
0:13(15): error:    vec4 texture(sampler3D, vec3, float)
0:13(15): error:    ivec4 texture(isampler3D, vec3, float)
0:13(15): error:    uvec4 texture(usampler3D, vec3, float)
0:13(15): error:    vec4 texture(samplerCube, vec3, float)
0:13(15): error:    ivec4 texture(isamplerCube, vec3, float)
0:13(15): error:    uvec4 texture(usamplerCube, vec3, float)
0:13(15): error:    float texture(sampler1DShadow, vec3, float)
0:13(15): error:    float texture(sampler2DShadow, vec3, float)
0:13(15): error:    float texture(samplerCubeShadow, vec4, float)
0:13(15): error:    vec4 texture(sampler1DArray, vec2, float)
0:13(15): error:    ivec4 texture(isampler1DArray, vec2, float)
0:13(15): error:    uvec4 texture(usampler1DArray, vec2, float)
0:13(15): error:    vec4 texture(sampler2DArray, vec3, float)
0:13(15): error:    ivec4 texture(isampler2DArray, vec3, float)
0:13(15): error:    uvec4 texture(usampler2DArray, vec3, float)
0:13(15): error:    float texture(sampler1DArrayShadow, vec3, float)
 
[ error ] ofShader: GL_FRAGMENT_SHADER, offending line 29:

[notice ] Setup: Pixel art shader loaded successfully.
[warning] Setup: Post shader failed to compile/link. Continuing without post-processing.
[notice ] FBO: worldFbo allocated 2560x1440
[notice ] Network: DEBUG: Still in STATE_MAIN_MENU. hasOpponent()=0 isMultiplayer=0 isHost=0
[notice ] Setup: Singleplayer generated seed: 1771375105
[notice ] Dice: Final total result for 1d6: 1
[notice ] Dice: Final total result for 1d6: 5
[notice ] Game: --- INITIATIVE ROLL STARTED ---
[notice ] PixelArt: Low-res FBO summary: size=640x360 avgRGB=(9,8,9)
[notice ] PixelArt: Pixel-art post-process branch executed (shader active).
[notice ] PixelArt: enablePixelArt=0
[notice ] Post: enableWorldPostProcess=false
[notice ] Draft: generateDraftOptions called: classTier=1 draftStage=0 draftPlayerIndex=1 poolSize=30
[notice ] Initiative: Player 2 Wins Initiative
[notice ] Draft: drawDraftScreen: drawing 3 options (player=1 stage=0) names=Vampire Bite, Wisdom Boon, Heal
[notice ] Draft: DRAFT CLICK: mousePos=(1288,744) selections=0 required=2 inGameDraft=0 draftStage=0 acceptRect=(1170,1007,220,60)
[notice ] Draft: DRAFT CLICK: mousePos=(1661,793) selections=1 required=2 inGameDraft=0 draftStage=0 acceptRect=(1170,1007,220,60)
[notice ] Draft: DRAFT CLICK: mousePos=(1337,936) selections=2 required=2 inGameDraft=0 draftStage=0 acceptRect=(1170,1007,220,60)
[notice ] Draft: drawDraftScreen: drawing 3 options (player=1 stage=0) names=Vampire Bite, Wisdom Boon, Heal
[notice ] Draft: DRAFT CLICK: mousePos=(1375,926) selections=1 required=2 inGameDraft=0 draftStage=0 acceptRect=(1170,1007,220,60)
[notice ] Draft: DRAFT CLICK: mousePos=(1579,924) selections=2 required=2 inGameDraft=0 draftStage=0 acceptRect=(1170,1007,220,60)
[notice ] Draft: drawDraftScreen: drawing 3 options (player=1 stage=0) names=Vampire Bite, Wisdom Boon, Heal
[notice ] Draft: DRAFT CLICK: mousePos=(1289,1041) selections=1 required=2 inGameDraft=0 draftStage=0 acceptRect=(1170,1007,220,60)
[notice ] Draft: DRAFT CLICK: mousePos=(1341,870) selections=1 required=2 inGameDraft=0 draftStage=0 acceptRect=(1170,1007,220,60)
[notice ] Draft: DRAFT CLICK: mousePos=(1597,893) selections=0 required=2 inGameDraft=0 draftStage=0 acceptRect=(1170,1007,220,60)
[notice ] Draft: drawDraftScreen: drawing 3 options (player=1 stage=0) names=Vampire Bite, Wisdom Boon, Heal
[notice ] Draft: DRAFT CLICK: mousePos=(1288,898) selections=1 required=2 inGameDraft=0 draftStage=0 acceptRect=(1170,1007,220,60)
[notice ] Draft: DRAFT CLICK: mousePos=(1576,856) selections=2 required=2 inGameDraft=0 draftStage=0 acceptRect=(1170,1007,220,60)
[notice ] Draft: drawDraftScreen: drawing 3 options (player=1 stage=0) names=Vampire Bite, Wisdom Boon, Heal
[notice ] Draft: DRAFT CLICK: mousePos=(1280,876) selections=1 required=2 inGameDraft=0 draftStage=0 acceptRect=(1170,1007,220,60)
[notice ] Draft: DRAFT CLICK: mousePos=(1308,896) selections=0 required=2 inGameDraft=0 draftStage=0 acceptRect=(1170,1007,220,60)
[notice ] Draft: drawDraftScreen: drawing 3 options (player=1 stage=0) names=Vampire Bite, Wisdom Boon, Heal
[notice ] Draft: DRAFT CLICK: mousePos=(1259,837) selections=1 required=2 inGameDraft=0 draftStage=0 acceptRect=(1170,1007,220,60)
[notice ] Draft: DRAFT CLICK: mousePos=(1276,1015) selections=0 required=2 inGameDraft=0 draftStage=0 acceptRect=(1170,1007,220,60)
[notice ] Draft: drawDraftScreen: drawing 3 options (player=1 stage=0) names=Vampire Bite, Wisdom Boon, Heal
[notice ] Game: --- GAME SESSION CLEANED UP ---
[notice ] Settings: Saved settings to Config/settings.json
[notice ] SteamManager: Steam API Shutdown.
[S_API FAIL] Tried to access Steam interface SteamNetworkingSockets012 before SteamAPI_Init succeeded.
