Compiling OF library for Release
make[1]: Entering directory '/home/lewis/of_workspace/openFrameworks/libs/openFrameworksCompiled/project'
make[1]: warning: -j2 forced in submake: resetting jobserver mode.
💾 CXX = g++
💾 CC = cc
💾 CXX = g++
💾 CC = cc
💾 CXX = g++
💾 CC = cc
Done!
make[1]: Leaving directory '/home/lewis/of_workspace/openFrameworks/libs/openFrameworksCompiled/project'


Compiling MageFight for Release
make[1]: Entering directory '/home/lewis/of_workspace/openFrameworks/apps/myApps/MageFight'
make[1]: warning: -j2 forced in submake: resetting jobserver mode.
ADDON_INCLUDES_EXCLUDE: libs/assimp/%
ADDON_SOURCES_EXCLUDE: 
Compiling src/main.cpp
g++ -c -O3 -DNDEBUG -Wall -Werror=return-type -DGCC_HAS_REGEX -std=c++20 -DOF_USING_GTK -DOF_USING_MPG123 -Ilibs/steam/include -DGLM_FORCE_CTOR_INIT -DGLM_ENABLE_EXPERIMENTAL -Wall -Werror=return-type -DGCC_HAS_REGEX -std=c++20 -I/usr/include/gstreamer-1.0 -I/usr/include/orc-0.4 -I/usr/include/opus -I/usr/include/AL -I/usr/include/rtaudio -D_REENTRANT -I/usr/include/gtk-3.0 -I/usr/include/pango-1.0 -I/usr/include/cloudproviders -I/usr/include/cairo -I/usr/include/gdk-pixbuf-2.0 -I/usr/include/glycin-2 -I/usr/include/at-spi2-atk/2.0 -I/usr/include/at-spi-2.0 -I/usr/include/atk-1.0 -I/usr/include/dbus-1.0 -I/usr/lib/dbus-1.0/include -I/usr/include/fribidi -I/usr/include/pixman-1 -I/usr/include/harfbuzz -I/usr/include/freetype2 -I/usr/include/libpng16 -I/usr/include/gio-unix-2.0 -I/usr/include/glib-2.0 -I/usr/lib/glib-2.0/include -I/usr/include/libmount -I/usr/include/blkid -I/usr/include/sysprof-6 -pthread -I../../../libs/fmod/include -I../../../libs/glm/include -I../../../libs/glm/include/glm -I../../../libs/glm/include/glm/ext -I../../../libs/glm/include/glm/simd -I../../../libs/glm/include/glm/detail -I../../../libs/glm/include/glm/gtc -I../../../libs/glm/include/glm/gtx -I../../../libs/json/include -I../../../libs/json/include/nlohmann -I../../../libs/kiss/include -I../../../libs/tess2/include -I../../../libs/utf8/include -I../../../libs/utf8/include/utf8 -I../../../libs/openFrameworks -I../../../libs/openFrameworks/3d -I../../../libs/openFrameworks/app -I../../../libs/openFrameworks/communication -I../../../libs/openFrameworks/events -I../../../libs/openFrameworks/gl -I../../../libs/openFrameworks/graphics -I../../../libs/openFrameworks/math -I../../../libs/openFrameworks/sound -I../../../libs/openFrameworks/types -I../../../libs/openFrameworks/utils -I../../../libs/openFrameworks/video -I/usr/include/gstreamer-1.0 -I/usr/include/orc-0.4 -I/usr/include/opus -I/usr/include/AL -I/usr/include/rtaudio -D_REENTRANT -I/usr/include/gtk-3.0 -I/usr/include/pango-1.0 -I/usr/include/cloudproviders -I/usr/include/cairo -I/usr/include/gdk-pixbuf-2.0 -I/usr/include/glycin-2 -I/usr/include/at-spi2-atk/2.0 -I/usr/include/at-spi-2.0 -I/usr/include/atk-1.0 -I/usr/include/dbus-1.0 -I/usr/lib/dbus-1.0/include -I/usr/include/fribidi -I/usr/include/pixman-1 -I/usr/include/harfbuzz -I/usr/include/freetype2 -I/usr/include/libpng16 -I/usr/include/gio-unix-2.0 -I/usr/include/glib-2.0 -I/usr/lib/glib-2.0/include -I/usr/include/libmount -I/usr/include/blkid -I/usr/include/sysprof-6 -pthread -I./src -I../../../addons/ofxAssimpModelLoader/src -MMD -MP -MF obj/linux64/Release/src/main.d -MT obj/linux64/Release/src/main.o -o obj/linux64/Release/src/main.o -c src/main.cpp
Compiling src/ofApp.cpp
g++ -c -O3 -DNDEBUG -Wall -Werror=return-type -DGCC_HAS_REGEX -std=c++20 -DOF_USING_GTK -DOF_USING_MPG123 -Ilibs/steam/include -DGLM_FORCE_CTOR_INIT -DGLM_ENABLE_EXPERIMENTAL -Wall -Werror=return-type -DGCC_HAS_REGEX -std=c++20 -I/usr/include/gstreamer-1.0 -I/usr/include/orc-0.4 -I/usr/include/opus -I/usr/include/AL -I/usr/include/rtaudio -D_REENTRANT -I/usr/include/gtk-3.0 -I/usr/include/pango-1.0 -I/usr/include/cloudproviders -I/usr/include/cairo -I/usr/include/gdk-pixbuf-2.0 -I/usr/include/glycin-2 -I/usr/include/at-spi2-atk/2.0 -I/usr/include/at-spi-2.0 -I/usr/include/atk-1.0 -I/usr/include/dbus-1.0 -I/usr/lib/dbus-1.0/include -I/usr/include/fribidi -I/usr/include/pixman-1 -I/usr/include/harfbuzz -I/usr/include/freetype2 -I/usr/include/libpng16 -I/usr/include/gio-unix-2.0 -I/usr/include/glib-2.0 -I/usr/lib/glib-2.0/include -I/usr/include/libmount -I/usr/include/blkid -I/usr/include/sysprof-6 -pthread -I../../../libs/fmod/include -I../../../libs/glm/include -I../../../libs/glm/include/glm -I../../../libs/glm/include/glm/ext -I../../../libs/glm/include/glm/simd -I../../../libs/glm/include/glm/detail -I../../../libs/glm/include/glm/gtc -I../../../libs/glm/include/glm/gtx -I../../../libs/json/include -I../../../libs/json/include/nlohmann -I../../../libs/kiss/include -I../../../libs/tess2/include -I../../../libs/utf8/include -I../../../libs/utf8/include/utf8 -I../../../libs/openFrameworks -I../../../libs/openFrameworks/3d -I../../../libs/openFrameworks/app -I../../../libs/openFrameworks/communication -I../../../libs/openFrameworks/events -I../../../libs/openFrameworks/gl -I../../../libs/openFrameworks/graphics -I../../../libs/openFrameworks/math -I../../../libs/openFrameworks/sound -I../../../libs/openFrameworks/types -I../../../libs/openFrameworks/utils -I../../../libs/openFrameworks/video -I/usr/include/gstreamer-1.0 -I/usr/include/orc-0.4 -I/usr/include/opus -I/usr/include/AL -I/usr/include/rtaudio -D_REENTRANT -I/usr/include/gtk-3.0 -I/usr/include/pango-1.0 -I/usr/include/cloudproviders -I/usr/include/cairo -I/usr/include/gdk-pixbuf-2.0 -I/usr/include/glycin-2 -I/usr/include/at-spi2-atk/2.0 -I/usr/include/at-spi-2.0 -I/usr/include/atk-1.0 -I/usr/include/dbus-1.0 -I/usr/lib/dbus-1.0/include -I/usr/include/fribidi -I/usr/include/pixman-1 -I/usr/include/harfbuzz -I/usr/include/freetype2 -I/usr/include/libpng16 -I/usr/include/gio-unix-2.0 -I/usr/include/glib-2.0 -I/usr/lib/glib-2.0/include -I/usr/include/libmount -I/usr/include/blkid -I/usr/include/sysprof-6 -pthread -I./src -I../../../addons/ofxAssimpModelLoader/src -MMD -MP -MF obj/linux64/Release/src/ofApp.d -MT obj/linux64/Release/src/ofApp.o -o obj/linux64/Release/src/ofApp.o -c src/ofApp.cpp
🔗 Linking bin/MageFight for linux64
g++ -o bin/MageFight  obj/linux64/Release/src/main.o obj/linux64/Release/src/SteamManager.o obj/linux64/Release/src/ofApp.o  ../../../addons/obj/linux64/Release/ofxAssimpModelLoader/src/ofxAssimpAnimation.o ../../../addons/obj/linux64/Release/ofxAssimpModelLoader/src/ofxAssimpMeshHelper.o ../../../addons/obj/linux64/Release/ofxAssimpModelLoader/src/ofxAssimpModelLoader.o ../../../addons/obj/linux64/Release/ofxAssimpModelLoader/src/ofxAssimpTexture.o  ../../../libs/openFrameworksCompiled/lib/linux64/libopenFrameworks.a  -Wl,-rpath=./libs:./bin/libs:./ -Wl,--as-needed -Wl,--gc-sections -Llibs/steam/lib -lsteam_api -Wl,-rpath=./libs/steam/lib -Wl,-rpath-link,/usr/lib ../../../libs/fmod/lib/linux64/libfmod.so -L../../../libs/fmod/lib/linux64/ -lfmod ../../../libs/kiss/lib/linux64/libkiss.a ../../../libs/tess2/lib/linux64/libtess2.a -lgstapp-1.0 -lgstvideo-1.0 -lgstbase-1.0 -lgstreamer-1.0 -ludev -lsndfile -lopenal -lcurl -lssl -lcrypto -lglfw -lrtaudio -lpulse-simple -lpulse -pthread -lasound -lGLEW -lX11 -lGLU -lOpenGL -lgtk-3 -lgdk-3 -lpangocairo-1.0 -lcairo-gobject -lgdk_pixbuf-2.0 -latk-1.0 -lGL -lpango-1.0 -lcairo -lfontconfig -lharfbuzz -lfreetype -lgio-2.0 -lgobject-2.0 -lglib-2.0 -lz -lmpg123 -lassimp -lglut -lX11 -lXrandr -lXxf86vm -lXi -lXcursor -ldl -lpthread -lfreeimage -lpugixml -luriparser -lXinerama
/usr/bin/ld: ../../../libs/fmod/lib/linux64/libfmod.so: .dynsym local symbol at index 2 (>= sh_info of 2)
/usr/bin/ld: ../../../libs/fmod/lib/linux64/libfmod.so: .dynsym local symbol at index 3 (>= sh_info of 2)
/usr/bin/ld: ../../../libs/fmod/lib/linux64/libfmod.so: .dynsym local symbol at index 4 (>= sh_info of 2)
/usr/bin/ld: ../../../libs/fmod/lib/linux64//libfmod.so: .dynsym local symbol at index 2 (>= sh_info of 2)
/usr/bin/ld: ../../../libs/fmod/lib/linux64//libfmod.so: .dynsym local symbol at index 3 (>= sh_info of 2)
/usr/bin/ld: ../../../libs/fmod/lib/linux64//libfmod.so: .dynsym local symbol at index 4 (>= sh_info of 2)
make[2]: Entering directory '/home/lewis/of_workspace/openFrameworks/apps/myApps/MageFight'
make[2]: warning: -j2 forced in submake: resetting jobserver mode.
make[2]: Leaving directory '/home/lewis/of_workspace/openFrameworks/apps/myApps/MageFight'
make[2]: Entering directory '/home/lewis/of_workspace/openFrameworks/apps/myApps/MageFight'
make[2]: warning: -j2 forced in submake: resetting jobserver mode.
cp ../../../libs/*/lib/linux64/*.so bin/ ; true

     compiling done
     to launch the application

     cd bin
     ./MageFight
     
     - or -
     
     make RunRelease


make[2]: Leaving directory '/home/lewis/of_workspace/openFrameworks/apps/myApps/MageFight'
make[1]: Leaving directory '/home/lewis/of_workspace/openFrameworks/apps/myApps/MageFight'
